---
source: fs/sa/crates/dbt-adapter/src/engine/duckdb_attach.rs
input_file: fs/sa/crates/dbt-adapter/src/engine/xdbc/fixtures/horizon_duckdb_readonly/catalogs.yml
---
ATTACH IF NOT EXISTS 'horizon_wh' AS horizon_db (TYPE ICEBERG, SECRET horizon_secret, ENDPOINT 'https://horizon.example.com/catalog', DEFAULT_SCHEMA 'demo', READ_ONLY true)
